// Jest Snapshot v1, https://goo.gl/fbAQLP

exports[`StyledComponent should render correctly 1`] = `
.c0 {
  background: #fff;
  font-size: 2rem;
}

.c0 > span.count {
  margin-right: 10px;
  border: 1px solid green;
}

.c0 > span.count:hover {
  -webkit-animation: 3s bcCCNc ease-out;
  animation: 3s bcCCNc ease-out;
}

.c0 > .sc-bdVaJa {
  font-size: 2rem;
  color: initial;
}

.Special .c0 {
  font-weight: bold;
  margin-top: 1rem;
}

@media (max-width:990px) {
  .c0 {
    background: #db7093;
  }
}

@media (max-width:768px) {
  .c0 {
    background: #00ffff;
  }
}

@media (max-width:500px) {
  .c0 {
    background: #f1e05a;
  }
}

<div
  className="c0"
  onClick={[Function]}
>
  <span
    className="count"
  >
    Count 
    0
  </span>
</div>
`;
